// Jest Snapshot v1, https://goo.gl/fbAQLP

exports[`reducers/games LOAD_SEARCH_GAMES_SUCCESS stores the games 1`] = `
Object {
  "byId": Object {
    "Dota 2": Object {
      "name": "Dota 2",
    },
    "SC2VN": Object {
      "id": "SC2VN",
      "image": "https://static-cdn.jtvnw.net/ttv-boxart/SC2VN-{width}x{height}.jpg",
      "name": "SC2VN",
    },
    "StarCraft": Object {
      "id": "StarCraft",
      "image": "https://static-cdn.jtvnw.net/ttv-boxart/StarCraft-{width}x{height}.jpg",
      "name": "StarCraft",
    },
    "StarCraft Ghost": Object {
      "id": "StarCraft Ghost",
      "image": "https://static-cdn.jtvnw.net/ttv-boxart/StarCraft%20Ghost-{width}x{height}.jpg",
      "name": "StarCraft Ghost",
    },
    "StarCraft II": Object {
      "id": "StarCraft II",
      "image": "https://static-cdn.jtvnw.net/ttv-boxart/StarCraft%20II-{width}x{height}.jpg",
      "name": "StarCraft II",
    },
    "StarCraft: Brood War": Object {
      "id": "StarCraft: Brood War",
      "image": "https://static-cdn.jtvnw.net/ttv-boxart/StarCraft:%20Brood%20War-{width}x{height}.jpg",
      "name": "StarCraft: Brood War",
    },
    "StarCraft: Retribution": Object {
      "id": "StarCraft: Retribution",
      "image": "https://static-cdn.jtvnw.net/ttv-boxart/StarCraft:%20Retribution-{width}x{height}.jpg",
      "name": "StarCraft: Retribution",
    },
  },
  "search": Array [
    "StarCraft II",
    "StarCraft: Brood War",
    "StarCraft",
    "SC2VN",
    "StarCraft: Retribution",
    "StarCraft Ghost",
  ],
}
`;

exports[`reducers/games LOAD_TOP_GAMES_SUCCESS stores the games 1`] = `
Object {
  "byId": Object {
    "Counter-Strike: Global Offensive": Object {
      "channels": 758,
      "id": "Counter-Strike: Global Offensive",
      "image": "https://static-cdn.jtvnw.net/ttv-boxart/Counter-Strike:%20Global%20Offensive-{width}x{height}.jpg",
      "name": "Counter-Strike: Global Offensive",
      "viewers": 393419,
    },
    "Dota 2": Object {
      "name": "Dota 2",
    },
    "Hearthstone": Object {
      "channels": 280,
      "id": "Hearthstone",
      "image": "https://static-cdn.jtvnw.net/ttv-boxart/Hearthstone-{width}x{height}.jpg",
      "name": "Hearthstone",
      "viewers": 38773,
    },
    "League of Legends": Object {
      "channels": 1818,
      "id": "League of Legends",
      "image": "https://static-cdn.jtvnw.net/ttv-boxart/League%20of%20Legends-{width}x{height}.jpg",
      "name": "League of Legends",
      "viewers": 121668,
    },
    "PLAYERUNKNOWN'S BATTLEGROUNDS": Object {
      "channels": 1943,
      "id": "PLAYERUNKNOWN'S BATTLEGROUNDS",
      "image": "https://static-cdn.jtvnw.net/ttv-boxart/PLAYERUNKNOWN%27S%20BATTLEGROUNDS-{width}x{height}.jpg",
      "name": "PLAYERUNKNOWN'S BATTLEGROUNDS",
      "viewers": 76787,
    },
  },
  "top": Array [
    "Counter-Strike: Global Offensive",
    "League of Legends",
    "PLAYERUNKNOWN'S BATTLEGROUNDS",
    "Hearthstone",
  ],
}
`;

exports[`reducers/games default returns initial state 1`] = `
Object {
  "byId": Object {},
  "search": Array [],
  "top": Array [],
}
`;
